mode: set
github.com/MultikPatin/leetcode-problem/data_structures/linked_list/main.go:18.34,22.2 1 1
github.com/MultikPatin/leetcode-problem/data_structures/linked_list/main.go:29.34,31.2 1 1
github.com/MultikPatin/leetcode-problem/data_structures/linked_list/main.go:33.51,35.2 1 1
github.com/MultikPatin/leetcode-problem/data_structures/linked_list/main.go:37.34,39.2 1 1
github.com/MultikPatin/leetcode-problem/data_structures/linked_list/main.go:41.34,43.2 1 1
github.com/MultikPatin/leetcode-problem/data_structures/linked_list/main.go:45.37,47.2 1 1
github.com/MultikPatin/leetcode-problem/data_structures/linked_list/main.go:49.35,51.2 1 1
github.com/MultikPatin/leetcode-problem/data_structures/linked_list/main.go:53.30,55.18 2 1
github.com/MultikPatin/leetcode-problem/data_structures/linked_list/main.go:55.18,58.3 2 1
github.com/MultikPatin/leetcode-problem/data_structures/linked_list/main.go:59.2,59.21 1 1
github.com/MultikPatin/leetcode-problem/data_structures/linked_list/main.go:62.35,65.16 3 1
github.com/MultikPatin/leetcode-problem/data_structures/linked_list/main.go:65.16,68.3 2 1
github.com/MultikPatin/leetcode-problem/data_structures/linked_list/main.go:69.2,69.13 1 1
github.com/MultikPatin/leetcode-problem/data_structures/linked_list/main.go:72.52,73.28 1 1
github.com/MultikPatin/leetcode-problem/data_structures/linked_list/main.go:73.28,75.3 1 1
github.com/MultikPatin/leetcode-problem/data_structures/linked_list/main.go:77.2,77.16 1 1
github.com/MultikPatin/leetcode-problem/data_structures/linked_list/main.go:77.16,79.3 1 1
github.com/MultikPatin/leetcode-problem/data_structures/linked_list/main.go:80.2,81.16 2 1
github.com/MultikPatin/leetcode-problem/data_structures/linked_list/main.go:81.16,84.3 2 1
github.com/MultikPatin/leetcode-problem/data_structures/linked_list/main.go:85.2,85.18 1 1
github.com/MultikPatin/leetcode-problem/data_structures/linked_list/main.go:88.41,89.17 1 1
github.com/MultikPatin/leetcode-problem/data_structures/linked_list/main.go:89.17,91.3 1 1
github.com/MultikPatin/leetcode-problem/data_structures/linked_list/main.go:91.8,94.3 2 1
github.com/MultikPatin/leetcode-problem/data_structures/linked_list/main.go:95.2,95.15 1 1
github.com/MultikPatin/leetcode-problem/data_structures/linked_list/main.go:98.58,99.16 1 1
github.com/MultikPatin/leetcode-problem/data_structures/linked_list/main.go:99.16,104.3 4 1
github.com/MultikPatin/leetcode-problem/data_structures/linked_list/main.go:105.2,106.16 2 1
github.com/MultikPatin/leetcode-problem/data_structures/linked_list/main.go:106.16,108.3 1 1
github.com/MultikPatin/leetcode-problem/data_structures/linked_list/main.go:109.2,112.12 4 1
github.com/MultikPatin/leetcode-problem/data_structures/linked_list/main.go:115.46,117.16 2 1
github.com/MultikPatin/leetcode-problem/data_structures/linked_list/main.go:117.16,119.3 1 1
github.com/MultikPatin/leetcode-problem/data_structures/linked_list/main.go:120.2,122.12 3 1
github.com/MultikPatin/leetcode-problem/data_structures/linked_list/main.go:125.41,126.17 1 1
github.com/MultikPatin/leetcode-problem/data_structures/linked_list/main.go:126.17,128.3 1 1
github.com/MultikPatin/leetcode-problem/data_structures/linked_list/main.go:129.2,131.12 3 1
github.com/MultikPatin/leetcode-problem/data_structures/linked_list/main.go:135.41,136.17 1 1
github.com/MultikPatin/leetcode-problem/data_structures/linked_list/main.go:136.17,138.3 1 1
github.com/MultikPatin/leetcode-problem/data_structures/linked_list/main.go:139.2,140.16 2 1
github.com/MultikPatin/leetcode-problem/data_structures/linked_list/main.go:140.16,142.3 1 0
github.com/MultikPatin/leetcode-problem/data_structures/linked_list/main.go:143.2,143.12 1 1
github.com/MultikPatin/leetcode-problem/data_structures/linked_list/main.go:146.13,154.16 7 0
github.com/MultikPatin/leetcode-problem/data_structures/linked_list/main.go:154.16,156.3 1 0
github.com/MultikPatin/leetcode-problem/data_structures/linked_list/main.go:158.2,167.16 8 0
github.com/MultikPatin/leetcode-problem/data_structures/linked_list/main.go:167.16,169.3 1 0
github.com/MultikPatin/leetcode-problem/data_structures/linked_list/main.go:170.2,171.16 2 0
github.com/MultikPatin/leetcode-problem/data_structures/linked_list/main.go:171.16,173.3 1 0
github.com/MultikPatin/leetcode-problem/data_structures/linked_list/main.go:174.2,176.16 3 0
github.com/MultikPatin/leetcode-problem/data_structures/linked_list/main.go:176.16,178.3 1 0
github.com/MultikPatin/leetcode-problem/data_structures/linked_list/main.go:179.2,182.16 4 0
github.com/MultikPatin/leetcode-problem/data_structures/linked_list/main.go:182.16,184.3 1 0
github.com/MultikPatin/leetcode-problem/data_structures/linked_list/main.go:186.2,201.16 12 0
github.com/MultikPatin/leetcode-problem/data_structures/linked_list/main.go:201.16,203.3 1 0
github.com/MultikPatin/leetcode-problem/data_structures/linked_list/main.go:205.2,209.16 4 0
github.com/MultikPatin/leetcode-problem/data_structures/linked_list/main.go:209.16,211.3 1 0
github.com/MultikPatin/leetcode-problem/data_structures/linked_list/main.go:213.2,214.16 2 0
github.com/MultikPatin/leetcode-problem/data_structures/linked_list/main.go:214.16,216.3 1 0
github.com/MultikPatin/leetcode-problem/data_structures/linked_list/main.go:218.2,219.34 2 0
